# Tests adding one node to the graph

# Create a graph
created graph oneNodeGraph

# Add two nodes
added node 1 to oneNodeGraph

# Print the node in the graph, the outgoing edges from 1
oneNodeGraph contains: 1
the children of 1 in oneNodeGraph are:
